<html>
<body>
<pre>
<h1>µVision Build Log</h1>
<h2>Project:</h2>
C:\Users\Michael Chalfant\ExtraDevProjects\dropthebass\dtb.uvproj
Project File Date:  02/09/2020

<h2>Output:</h2>
Rebuild target 'Target 1'
compiling Drop_The_Bass.c...
src\Drop_The_Bass.c(21): warning:  #1-D: last line of file ends without a newline
  }
src\Drop_The_Bass.c: 1 warning, 0 errors
compiling EdgeTrigger.c...
compiling GPIO.c...
compiling main.c...
src\main.c(301): warning:  #1-D: last line of file ends without a newline
   
src\main.c: 1 warning, 0 errors
compiling PLL.c...
compiling PWM.c...
compiling ST7735.c...
compiling UART.c...
assembling Startup.s...
linking...
Program Size: Code=13604 RO-data=2376 RW-data=392 ZI-data=1136  
".\dtb.axf" - 0 Error(s), 2 Warning(s).

M.c...
compiling ST7735.c...
compiling UART.c...
.\inc\UART.h(12): warning:  #1-D: last line of file ends without a newline
  #define DEL  0x7F
src\UART.c: 1 warning, 0 errors
assembling Startup.s...
linking...
Program Size: Code=13612 RO-data=2376 RW-data=416 ZI-data=1136  
".\dtb.axf" - 0 Error(s), 5 Warning(s).
